Jul 10 10:09:03 srv24-s-st postfix/smtpd[10285]: lost connection after AUTH from unknown[222.218.152.89]
Jul 10 10:09:03 srv24-s-st postfix/smtpd[10285]: disconnect from unknown[222.218.152.89]
Jul 10 10:09:03 srv24-s-st postfix/cleanup[28840]: 718F4DF04E9: message-id=<20120710060901.718F4DF04E9@smtp.jino.ru>
Jul 10 10:09:03 srv24-s-st postfix/smtpd[16080]: lost connection after RCPT from unknown[188.64.164.221]
Jul 10 10:09:03 srv24-s-st postfix/smtpd[16080]: disconnect from unknown[188.64.164.221]
Jul 10 10:09:04 srv24-s-st postfix/smtpd[10344]: NOQUEUE: reject: RCPT from m90-138-113-58.cust.tele2.ru[90.138.113.58]: 554 5.7.1 <apsya@mail.ru>: Relay access denied; from=<apsya@mail.ru> to=<apsya@mail.ru> proto=ESMTP helo=<[90.138.113.58]>
Jul 10 10:09:04 srv24-s-st postfix/smtpd[14197]: connect from unknown[222.218.152.89]
Jul 10 10:09:04 srv24-s-st postfix/smtpd[4703]: warning: unknown[178.140.204.161]: SASL LOGIN authentication failed: UGFzc3dvcmQ6
Jul 10 10:09:04 srv24-s-st postfix/smtpd[16079]: warning: unknown[116.11.27.165]: SASL LOGIN authentication failed: UGFzc3dvcmQ6
Jul 10 10:09:04 srv24-s-st postfix/smtpd[4703]: lost connection after AUTH from unknown[178.140.204.161]
Jul 10 10:09:04 srv24-s-st postfix/smtpd[4703]: disconnect from unknown[178.140.204.161]
Jul 10 10:09:04 srv24-s-st postfix/smtpd[16079]: lost connection after AUTH from unknown[116.11.27.165]
Jul 10 10:09:04 srv24-s-st postfix/smtpd[16079]: disconnect from unknown[116.11.27.165]
Jul 10 10:09:05 srv24-s-st postfix/smtpd[10344]: disconnect from m90-138-113-58.cust.tele2.ru[90.138.113.58]
Jul 10 10:09:06 srv24-s-st postfix/smtpd[11171]: warning: unknown[183.7.120.155]: SASL LOGIN authentication failed: UGFzc3dvcmQ6
Jul 10 10:09:06 srv24-s-st postfix/smtpd[16080]: warning: 178.140.204.161: hostname broadband-178-140-204-161.nationalcablenetworks.ru verification failed: Name or service not known
Jul 10 10:09:06 srv24-s-st postfix/smtpd[16080]: connect from unknown[178.140.204.161]
Jul 10 10:09:06 srv24-s-st postfix/smtpd[11171]: lost connection after AUTH from unknown[183.7.120.155]
Jul 10 10:09:06 srv24-s-st postfix/smtpd[11171]: disconnect from unknown[183.7.120.155]
Jul 10 10:09:07 srv24-s-st postfix/smtpd[16077]: warning: unknown[61.141.72.43]: SASL LOGIN authentication failed: UGFzc3dvcmQ6
Jul 10 10:09:07 srv24-s-st postfix/smtpd[10344]: connect from unknown[183.7.120.155]
Jul 10 10:09:07 srv24-s-st postfix/smtpd[16077]: lost connection after AUTH from unknown[61.141.72.43]
Jul 10 10:09:07 srv24-s-st postfix/smtpd[16077]: disconnect from unknown[61.141.72.43]
Jul 10 10:09:08 srv24-s-st postfix/smtpd[14197]: warning: unknown[222.218.152.89]: SASL LOGIN authentication failed: UGFzc3dvcmQ6
Jul 10 10:09:08 srv24-s-st postfix/smtpd[16080]: warning: unknown[178.140.204.161]: SASL LOGIN authentication failed: UGFzc3dvcmQ6
Jul 10 10:09:08 srv24-s-st postfix/smtpd[16080]: lost connection after AUTH from unknown[178.140.204.161]
Jul 10 10:09:08 srv24-s-st postfix/smtpd[16080]: disconnect from unknown[178.140.204.161]
Jul 10 10:09:08 srv24-s-st postfix/smtpd[16079]: warning: 61.141.72.43: hostname 43.72.141.61.broad.sz.gd.dynamic.163data.com.cn verification failed: Name or service not known
Jul 10 10:09:08 srv24-s-st postfix/smtpd[16079]: connect from unknown[61.141.72.43]
Jul 10 10:09:08 srv24-s-st postfix/smtpd[14197]: lost connection after AUTH from unknown[222.218.152.89]
Jul 10 10:09:08 srv24-s-st postfix/smtpd[14197]: disconnect from unknown[222.218.152.89]
Jul 10 10:09:08 srv24-s-st postfix/qmgr[3043]: 25E6CDF04F4: from=<krasteplokomplekt@yandex.ru>, size=617951, nrcpt=1 (queue active)
Jul 10 10:09:09 srv24-s-st postfix/smtp[23225]: EB3DCDF04EB: to=<arsenal@scn.ru>, relay=mail.scn.ru[80.255.139.141]:25, delay=65, delays=27/0/1.3/36, dsn=2.0.0, status=sent (250 OK id=1SoTaM-0007or-4a)
Jul 10 10:09:09 srv24-s-st postfix/qmgr[3043]: EB3DCDF04EB: removed
Jul 10 10:09:09 srv24-s-st postfix/smtpd[27067]: disconnect from unknown[213.87.122.107]
Jul 10 10:09:09 srv24-s-st postfix/smtp[22621]: 25E6CDF04F4: to=<arsenal-krsk@mail.ru>, relay=mxs.mail.ru[94.100.176.20]:25, delay=33, delays=32/0/0.01/0.76, dsn=2.0.0, status=sent (250 OK id=1SoTcj-0001fx-Bs)
Jul 10 10:09:09 srv24-s-st postfix/qmgr[3043]: 25E6CDF04F4: removed
Jul 10 10:09:10 srv24-s-st postfix/smtpd[27068]: 451CEDF04EB: client=unknown[213.87.122.107], sasl_method=LOGIN, sasl_username=manager30@moda-milena.ru
Jul 10 10:09:10 srv24-s-st postfix/smtpd[4703]: warning: 178.140.204.161: hostname broadband-178-140-204-161.nationalcablenetworks.ru verification failed: Name or service not known
Jul 10 10:09:10 srv24-s-st postfix/smtpd[4703]: connect from unknown[178.140.204.161]
Jul 10 10:09:12 srv24-s-st postfix/smtpd[10344]: warning: unknown[183.7.120.155]: SASL LOGIN authentication failed: UGFzc3dvcmQ6
Jul 10 10:09:12 srv24-s-st postfix/smtpd[4703]: warning: unknown[178.140.204.161]: SASL LOGIN authentication failed: UGFzc3dvcmQ6
Jul 10 10:09:12 srv24-s-st postfix/smtpd[16079]: warning: unknown[61.141.72.43]: SASL LOGIN authentication failed: UGFzc3dvcmQ6
Jul 10 10:09:12 srv24-s-st postfix/smtpd[4703]: lost connection after AUTH from unknown[178.140.204.161]
Jul 10 10:09:12 srv24-s-st postfix/smtpd[4703]: disconnect from unknown[178.140.204.161]
Jul 10 10:09:12 srv24-s-st postfix/smtpd[16079]: lost connection after AUTH from unknown[61.141.72.43]
Jul 10 10:09:12 srv24-s-st postfix/smtpd[16079]: disconnect from unknown[61.141.72.43]
Jul 10 10:09:13 srv24-s-st postfix/smtpd[10344]: lost connection after AUTH from unknown[183.7.120.155]
Jul 10 10:09:13 srv24-s-st postfix/smtpd[10344]: disconnect from unknown[183.7.120.155]
Jul 10 10:09:13 srv24-s-st postfix/smtpd[16081]: warning: 81.177.6.31: address not listed for hostname srv24-s-st.jino.ru
